WARNING - Empty section: 'File' - line 4 (defaults not enabled)
WARNING - Empty section: 'Synopsis' - line 7 (defaults not enabled)
WARNING - Empty section: 'Description' - line 8 (defaults not enabled)
WARNING - Empty section: 'Where' - line 9 (defaults not enabled)
WARNING - Empty section: 'Opts' - line 10 (defaults not enabled)
WARNING - Empty section: 'Args' - line 11 (defaults not enabled)
WARNING - Empty section: 'Returns' - line 12 (defaults not enabled)
WARNING - Empty section: 'Env Vars' - line 13 (defaults not enabled)
WARNING - Empty section: 'Notes' - line 14 (defaults not enabled)
WARNING - Empty section: 'Doc Links' - line 17 (defaults not enabled)
WARNING - Empty section: 'Files' - line 16 (defaults not enabled)
WARNING - Empty section: 'To Do' - line 15 (defaults not enabled)
WARNING - Empty section: 'Author' - line 21 (defaults not enabled)
WARNING - Empty section: 'Date' - line 22 (defaults not enabled)
WARNING - Empty section: 'Copyright' - line 19 (defaults not enabled)
WARNING - Empty section: 'License' - line 18 (defaults not enabled)
WARNING - Empty markdown
