WARNING - Empty file: 'src/test/spec/sect/examples/none--.sh'
WARNING - Empty markdown
