WARNING - Empty section: 'File' - line 4 (default used)
WARNING - Empty section: 'Synopsis' - line 7 (default used)
WARNING - Empty section: 'Description' - line 8 (default used)
WARNING - Empty section: 'Where' - line 9 (default used)
WARNING - Empty section: 'Opts' - line 10 (default used)
WARNING - Empty section: 'Args' - line 11 (default used)
WARNING - Empty section: 'Returns' - line 12 (default used)
WARNING - Empty section: 'Env Vars' - line 13 (default used)
WARNING - Empty section: 'Notes' - line 14 (default used)
WARNING - Empty section: 'Doc Links' - line 17 (default used)
WARNING - Empty section: 'Files' - line 16 (default used)
WARNING - Empty section: 'To Do' - line 15 (default used)
WARNING - Empty section: 'Author' - line 22 (default used)
WARNING - Empty section: 'Date' - line 23 (default used)
WARNING - Empty section: 'Copyright' - line 20 (default used)
WARNING - Empty section: 'License' - line 19 (default used)
