WARNING - Empty section: 'File' - line 4
WARNING - Empty section: 'Title' - line 6
WARNING - Empty section: 'Synopsis' - line 7
WARNING - Empty section: 'Description' - line 8
WARNING - Empty section: 'Opts' - line 9
WARNING - Empty section: 'Args' - line 10
WARNING - Empty section: 'Env Vars' - line 11
WARNING - Empty section: 'Notes' - line 12
WARNING - Empty section: 'To Do' - line 13
WARNING - Empty section: 'Files' - line 14
WARNING - Empty section: 'Author' - line 16
WARNING - Empty section: 'Date' - line 17
WARNING - Empty markdown
