FATAL - Empty file: 'src/test/spec/examples/file/empty-file.sh' !!!
