WARNING - Empty section: 'Description' - line 1
WARNING - Empty section: 'Synopsis' - line 2
