WARNING - Empty file: 'src/test/spec/examples/file/none--.sh'
WARNING - Empty markdown
