WARNING - Empty section: 'Description' - line 1 (defaults not enabled)
WARNING - Empty markdown
