WARNING - Empty section: 'Description' - line 1 (default used)
