WARNING - Empty section: 'File' - line 1 (default used)
WARNING - Empty section: 'Author' - line 2 (default used)
WARNING - Empty section: 'Date' - line 3 (default used)
