WARNING - Empty file: 'src/test/spec/file/examples/none--.sh'
WARNING - Empty markdown
