WARNING - Empty section: 'File' - line 1 (default used)
WARNING - Empty section: 'Author' - line 4 (default used)
WARNING - Empty section: 'Date' - line 7 (default used)
